nohup: ignoring input
[2026-05-17 09:50:45] Iniciando... Contando la cantidad total de archivos .nc (esto lleva unos segundos)...
[2026-05-17 09:50:46] Se encontraron 10013 archivos para procesar. ¡Arrancamos!
[09:50:47] Procesados 50 de 10013 (0%)
[09:50:49] Procesados 100 de 10013 (0%)
[09:50:50] Procesados 150 de 10013 (1%)
[09:50:52] Procesados 200 de 10013 (1%)
[09:50:53] Procesados 250 de 10013 (2%)
[09:50:55] Procesados 300 de 10013 (2%)
[09:50:56] Procesados 350 de 10013 (3%)
[09:50:58] Procesados 400 de 10013 (3%)
[09:50:59] Procesados 450 de 10013 (4%)
[09:51:01] Procesados 500 de 10013 (4%)
[09:51:02] Procesados 550 de 10013 (5%)
[09:51:04] Procesados 600 de 10013 (5%)
[09:51:05] Procesados 650 de 10013 (6%)
[09:51:06] Procesados 700 de 10013 (6%)
[09:51:08] Procesados 750 de 10013 (7%)
[09:51:09] Procesados 800 de 10013 (7%)
[09:51:11] Procesados 850 de 10013 (8%)
[09:51:12] Procesados 900 de 10013 (8%)
[09:51:15] Procesados 950 de 10013 (9%)
[09:51:22] Procesados 1000 de 10013 (9%)
[09:51:29] Procesados 1050 de 10013 (10%)
[09:51:37] Procesados 1100 de 10013 (10%)
[09:51:46] Procesados 1150 de 10013 (11%)
[09:51:55] Procesados 1200 de 10013 (11%)
[09:52:02] Procesados 1250 de 10013 (12%)
[09:52:10] Procesados 1300 de 10013 (12%)
[09:52:18] Procesados 1350 de 10013 (13%)
[09:52:25] Procesados 1400 de 10013 (13%)
[09:52:33] Procesados 1450 de 10013 (14%)
[09:52:41] Procesados 1500 de 10013 (14%)
[09:52:48] Procesados 1550 de 10013 (15%)
[09:52:56] Procesados 1600 de 10013 (15%)
[09:53:04] Procesados 1650 de 10013 (16%)
[09:53:12] Procesados 1700 de 10013 (16%)
[09:53:19] Procesados 1750 de 10013 (17%)
[09:53:27] Procesados 1800 de 10013 (17%)
[09:53:35] Procesados 1850 de 10013 (18%)
[09:53:42] Procesados 1900 de 10013 (18%)
[09:53:50] Procesados 1950 de 10013 (19%)
[09:53:58] Procesados 2000 de 10013 (19%)
[09:54:05] Procesados 2050 de 10013 (20%)
[09:54:13] Procesados 2100 de 10013 (20%)
[09:54:21] Procesados 2150 de 10013 (21%)
[09:54:29] Procesados 2200 de 10013 (21%)
[09:54:37] Procesados 2250 de 10013 (22%)
[09:54:44] Procesados 2300 de 10013 (22%)
[09:54:51] Procesados 2350 de 10013 (23%)
[09:54:57] Procesados 2400 de 10013 (23%)
[09:55:04] Procesados 2450 de 10013 (24%)
[09:55:10] Procesados 2500 de 10013 (24%)
[09:55:17] Procesados 2550 de 10013 (25%)
[09:55:23] Procesados 2600 de 10013 (25%)
[09:55:29] Procesados 2650 de 10013 (26%)
[09:55:36] Procesados 2700 de 10013 (26%)
[09:55:42] Procesados 2750 de 10013 (27%)
[09:55:49] Procesados 2800 de 10013 (27%)
[09:55:55] Procesados 2850 de 10013 (28%)
[09:56:02] Procesados 2900 de 10013 (28%)
[09:56:08] Procesados 2950 de 10013 (29%)
[09:56:15] Procesados 3000 de 10013 (29%)
[09:56:21] Procesados 3050 de 10013 (30%)
[09:56:27] Procesados 3100 de 10013 (30%)
[09:56:34] Procesados 3150 de 10013 (31%)
[09:56:40] Procesados 3200 de 10013 (31%)
[09:56:48] Procesados 3250 de 10013 (32%)
[09:56:56] Procesados 3300 de 10013 (32%)
[09:57:04] Procesados 3350 de 10013 (33%)
[09:57:12] Procesados 3400 de 10013 (33%)
[09:57:20] Procesados 3450 de 10013 (34%)
[09:57:28] Procesados 3500 de 10013 (34%)
[09:57:35] Procesados 3550 de 10013 (35%)
[09:57:43] Procesados 3600 de 10013 (35%)
[09:57:51] Procesados 3650 de 10013 (36%)
[09:57:59] Procesados 3700 de 10013 (36%)
[09:58:07] Procesados 3750 de 10013 (37%)
[09:58:15] Procesados 3800 de 10013 (37%)
[09:58:22] Procesados 3850 de 10013 (38%)
[09:58:30] Procesados 3900 de 10013 (38%)
[09:58:38] Procesados 3950 de 10013 (39%)
[09:58:46] Procesados 4000 de 10013 (39%)
[09:58:53] Procesados 4050 de 10013 (40%)
[09:59:01] Procesados 4100 de 10013 (40%)
[09:59:09] Procesados 4150 de 10013 (41%)
[09:59:16] Procesados 4200 de 10013 (41%)
[09:59:24] Procesados 4250 de 10013 (42%)
[09:59:32] Procesados 4300 de 10013 (42%)
[09:59:39] Procesados 4350 de 10013 (43%)
[09:59:46] Procesados 4400 de 10013 (43%)
[09:59:52] Procesados 4450 de 10013 (44%)
[09:59:59] Procesados 4500 de 10013 (44%)
[10:00:05] Procesados 4550 de 10013 (45%)
[10:00:12] Procesados 4600 de 10013 (45%)
[10:00:19] Procesados 4650 de 10013 (46%)
[10:00:26] Procesados 4700 de 10013 (46%)
[10:00:32] Procesados 4750 de 10013 (47%)
[10:00:39] Procesados 4800 de 10013 (47%)
[10:00:46] Procesados 4850 de 10013 (48%)
[10:00:52] Procesados 4900 de 10013 (48%)
[10:00:59] Procesados 4950 de 10013 (49%)
[10:01:05] Procesados 5000 de 10013 (49%)
[10:01:12] Procesados 5050 de 10013 (50%)
[10:01:18] Procesados 5100 de 10013 (50%)
[10:01:25] Procesados 5150 de 10013 (51%)
[10:01:32] Procesados 5200 de 10013 (51%)
[10:01:41] Procesados 5250 de 10013 (52%)
[10:01:50] Procesados 5300 de 10013 (52%)
[10:01:58] Procesados 5350 de 10013 (53%)
[10:02:05] Procesados 5400 de 10013 (53%)
[10:02:13] Procesados 5450 de 10013 (54%)
[10:02:21] Procesados 5500 de 10013 (54%)
[10:02:28] Procesados 5550 de 10013 (55%)
[10:02:36] Procesados 5600 de 10013 (55%)
[10:02:44] Procesados 5650 de 10013 (56%)
[10:02:51] Procesados 5700 de 10013 (56%)
[10:02:58] Procesados 5750 de 10013 (57%)
[10:03:06] Procesados 5800 de 10013 (57%)
[10:03:14] Procesados 5850 de 10013 (58%)
[10:03:22] Procesados 5900 de 10013 (58%)
[10:03:29] Procesados 5950 de 10013 (59%)
[10:03:38] Procesados 6000 de 10013 (59%)
[10:03:48] Procesados 6050 de 10013 (60%)
[10:03:58] Procesados 6100 de 10013 (60%)
[10:04:07] Procesados 6150 de 10013 (61%)
[10:04:17] Procesados 6200 de 10013 (61%)
[10:04:26] Procesados 6250 de 10013 (62%)
[10:04:37] Procesados 6300 de 10013 (62%)
[10:04:46] Procesados 6350 de 10013 (63%)
[10:04:56] Procesados 6400 de 10013 (63%)
[10:05:04] Procesados 6450 de 10013 (64%)
[10:05:11] Procesados 6500 de 10013 (64%)
[10:05:18] Procesados 6550 de 10013 (65%)
[10:05:25] Procesados 6600 de 10013 (65%)
[10:05:32] Procesados 6650 de 10013 (66%)
[10:05:39] Procesados 6700 de 10013 (66%)
[10:05:46] Procesados 6750 de 10013 (67%)
[10:05:52] Procesados 6800 de 10013 (67%)
[10:05:59] Procesados 6850 de 10013 (68%)
[10:06:06] Procesados 6900 de 10013 (68%)
[10:06:13] Procesados 6950 de 10013 (69%)
[10:06:20] Procesados 7000 de 10013 (69%)
[10:06:27] Procesados 7050 de 10013 (70%)
[10:06:34] Procesados 7100 de 10013 (70%)
[10:06:41] Procesados 7150 de 10013 (71%)
[10:06:47] Procesados 7200 de 10013 (71%)
[10:06:54] Procesados 7250 de 10013 (72%)
[10:07:01] Procesados 7300 de 10013 (72%)
[10:07:07] Procesados 7350 de 10013 (73%)
[10:07:14] Procesados 7400 de 10013 (73%)
[10:07:20] Procesados 7450 de 10013 (74%)
[10:07:27] Procesados 7500 de 10013 (74%)
[10:07:34] Procesados 7550 de 10013 (75%)
[10:07:41] Procesados 7600 de 10013 (75%)
[10:07:47] Procesados 7650 de 10013 (76%)
[10:07:54] Procesados 7700 de 10013 (76%)
[10:08:01] Procesados 7750 de 10013 (77%)
[10:08:07] Procesados 7800 de 10013 (77%)
[10:08:14] Procesados 7850 de 10013 (78%)
[10:08:21] Procesados 7900 de 10013 (78%)
[10:08:28] Procesados 7950 de 10013 (79%)
[10:08:34] Procesados 8000 de 10013 (79%)
[10:08:41] Procesados 8050 de 10013 (80%)
[10:08:47] Procesados 8100 de 10013 (80%)
[10:08:54] Procesados 8150 de 10013 (81%)
[10:09:01] Procesados 8200 de 10013 (81%)
[10:09:08] Procesados 8250 de 10013 (82%)
[10:09:15] Procesados 8300 de 10013 (82%)
[10:09:22] Procesados 8350 de 10013 (83%)
[10:09:28] Procesados 8400 de 10013 (83%)
[10:09:35] Procesados 8450 de 10013 (84%)
[10:09:42] Procesados 8500 de 10013 (84%)
[10:09:49] Procesados 8550 de 10013 (85%)
[10:09:55] Procesados 8600 de 10013 (85%)
[10:10:02] Procesados 8650 de 10013 (86%)
[10:10:08] Procesados 8700 de 10013 (86%)
[10:10:15] Procesados 8750 de 10013 (87%)
[10:10:22] Procesados 8800 de 10013 (87%)
[10:10:29] Procesados 8850 de 10013 (88%)
[10:10:36] Procesados 8900 de 10013 (88%)
[10:10:42] Procesados 8950 de 10013 (89%)
[10:10:49] Procesados 9000 de 10013 (89%)
[10:10:55] Procesados 9050 de 10013 (90%)
[10:11:02] Procesados 9100 de 10013 (90%)
[10:11:10] Procesados 9150 de 10013 (91%)
[10:11:18] Procesados 9200 de 10013 (91%)
[10:11:26] Procesados 9250 de 10013 (92%)
[10:11:34] Procesados 9300 de 10013 (92%)
[10:11:41] Procesados 9350 de 10013 (93%)
[10:11:49] Procesados 9400 de 10013 (93%)
[10:11:57] Procesados 9450 de 10013 (94%)
[10:12:05] Procesados 9500 de 10013 (94%)
[10:12:14] Procesados 9550 de 10013 (95%)
[10:12:22] Procesados 9600 de 10013 (95%)
[10:12:30] Procesados 9650 de 10013 (96%)
[10:12:38] Procesados 9700 de 10013 (96%)
[10:12:46] Procesados 9750 de 10013 (97%)
[10:12:54] Procesados 9800 de 10013 (97%)
[10:13:02] Procesados 9850 de 10013 (98%)
[10:13:10] Procesados 9900 de 10013 (98%)
[10:13:18] Procesados 9950 de 10013 (99%)
[10:13:26] Procesados 10000 de 10013 (99%)
[2026-05-17 10:13:28] Extracción terminada. Calculando el ranking de estructuras...

📊 TOP 10 ESTRUCTURAS MÁS REPETIDAS:
------------------------------------------------
    798 [22x61x61] /B01/B01 (16-bit unsigned integer)|[22x366x366] /B02/B02 (16-bit unsigned integer)|[22x366x366] /B03/B03 (16-bit unsigned integer)|[22x366x366] /B04/B04 (16-bit unsigned integer)|[22x183x183] /B05/B05 (16-bit unsigned integer)|[22x183x183] /B06/B06 (16-bit unsigned integer)|[22x183x183] /B07/B07 (16-bit unsigned integer)|[22x366x366] /B08/B08 (16-bit unsigned integer)|[22x61x61] /B09/B09 (16-bit unsigned integer)|[22x61x61] /B10/B10 (16-bit unsigned integer)|[22x183x183] /B11/B11 (16-bit unsigned integer)|[22x183x183] /B12/B12 (16-bit unsigned integer)|[22x183x183] /B8A/B8A (16-bit unsigned integer)|[366x366] /labels/labels (32-bit unsigned integer)|[366x366] /parcels/parcels (32-bit unsigned integer)|
    782 [19x61x61] /B01/B01 (16-bit unsigned integer)|[19x366x366] /B02/B02 (16-bit unsigned integer)|[19x366x366] /B03/B03 (16-bit unsigned integer)|[19x366x366] /B04/B04 (16-bit unsigned integer)|[19x183x183] /B05/B05 (16-bit unsigned integer)|[19x183x183] /B06/B06 (16-bit unsigned integer)|[19x183x183] /B07/B07 (16-bit unsigned integer)|[19x366x366] /B08/B08 (16-bit unsigned integer)|[19x61x61] /B09/B09 (16-bit unsigned integer)|[19x61x61] /B10/B10 (16-bit unsigned integer)|[19x183x183] /B11/B11 (16-bit unsigned integer)|[19x183x183] /B12/B12 (16-bit unsigned integer)|[19x183x183] /B8A/B8A (16-bit unsigned integer)|[366x366] /labels/labels (32-bit unsigned integer)|[366x366] /parcels/parcels (32-bit unsigned integer)|
    768 [20x61x61] /B01/B01 (16-bit unsigned integer)|[20x366x366] /B02/B02 (16-bit unsigned integer)|[20x366x366] /B03/B03 (16-bit unsigned integer)|[20x366x366] /B04/B04 (16-bit unsigned integer)|[20x183x183] /B05/B05 (16-bit unsigned integer)|[20x183x183] /B06/B06 (16-bit unsigned integer)|[20x183x183] /B07/B07 (16-bit unsigned integer)|[20x366x366] /B08/B08 (16-bit unsigned integer)|[20x61x61] /B09/B09 (16-bit unsigned integer)|[20x61x61] /B10/B10 (16-bit unsigned integer)|[20x183x183] /B11/B11 (16-bit unsigned integer)|[20x183x183] /B12/B12 (16-bit unsigned integer)|[20x183x183] /B8A/B8A (16-bit unsigned integer)|[366x366] /labels/labels (32-bit unsigned integer)|[366x366] /parcels/parcels (32-bit unsigned integer)|
    717 [50x61x61] /B01/B01 (16-bit unsigned integer)|[50x366x366] /B02/B02 (16-bit unsigned integer)|[50x366x366] /B03/B03 (16-bit unsigned integer)|[50x366x366] /B04/B04 (16-bit unsigned integer)|[50x183x183] /B05/B05 (16-bit unsigned integer)|[50x183x183] /B06/B06 (16-bit unsigned integer)|[50x183x183] /B07/B07 (16-bit unsigned integer)|[50x366x366] /B08/B08 (16-bit unsigned integer)|[50x61x61] /B09/B09 (16-bit unsigned integer)|[50x61x61] /B10/B10 (16-bit unsigned integer)|[50x183x183] /B11/B11 (16-bit unsigned integer)|[50x183x183] /B12/B12 (16-bit unsigned integer)|[50x183x183] /B8A/B8A (16-bit unsigned integer)|[366x366] /labels/labels (32-bit unsigned integer)|[366x366] /parcels/parcels (32-bit unsigned integer)|
    686 [14x61x61] /B01/B01 (16-bit unsigned integer)|[14x366x366] /B02/B02 (16-bit unsigned integer)|[14x366x366] /B03/B03 (16-bit unsigned integer)|[14x366x366] /B04/B04 (16-bit unsigned integer)|[14x183x183] /B05/B05 (16-bit unsigned integer)|[14x183x183] /B06/B06 (16-bit unsigned integer)|[14x183x183] /B07/B07 (16-bit unsigned integer)|[14x366x366] /B08/B08 (16-bit unsigned integer)|[14x61x61] /B09/B09 (16-bit unsigned integer)|[14x61x61] /B10/B10 (16-bit unsigned integer)|[14x183x183] /B11/B11 (16-bit unsigned integer)|[14x183x183] /B12/B12 (16-bit unsigned integer)|[14x183x183] /B8A/B8A (16-bit unsigned integer)|[366x366] /labels/labels (32-bit unsigned integer)|[366x366] /parcels/parcels (32-bit unsigned integer)|
    665 [40x61x61] /B01/B01 (16-bit unsigned integer)|[40x366x366] /B02/B02 (16-bit unsigned integer)|[40x366x366] /B03/B03 (16-bit unsigned integer)|[40x366x366] /B04/B04 (16-bit unsigned integer)|[40x183x183] /B05/B05 (16-bit unsigned integer)|[40x183x183] /B06/B06 (16-bit unsigned integer)|[40x183x183] /B07/B07 (16-bit unsigned integer)|[40x366x366] /B08/B08 (16-bit unsigned integer)|[40x61x61] /B09/B09 (16-bit unsigned integer)|[40x61x61] /B10/B10 (16-bit unsigned integer)|[40x183x183] /B11/B11 (16-bit unsigned integer)|[40x183x183] /B12/B12 (16-bit unsigned integer)|[40x183x183] /B8A/B8A (16-bit unsigned integer)|[366x366] /labels/labels (32-bit unsigned integer)|[366x366] /parcels/parcels (32-bit unsigned integer)|
    627 [29x61x61] /B01/B01 (16-bit unsigned integer)|[29x366x366] /B02/B02 (16-bit unsigned integer)|[29x366x366] /B03/B03 (16-bit unsigned integer)|[29x366x366] /B04/B04 (16-bit unsigned integer)|[29x183x183] /B05/B05 (16-bit unsigned integer)|[29x183x183] /B06/B06 (16-bit unsigned integer)|[29x183x183] /B07/B07 (16-bit unsigned integer)|[29x366x366] /B08/B08 (16-bit unsigned integer)|[29x61x61] /B09/B09 (16-bit unsigned integer)|[29x61x61] /B10/B10 (16-bit unsigned integer)|[29x183x183] /B11/B11 (16-bit unsigned integer)|[29x183x183] /B12/B12 (16-bit unsigned integer)|[29x183x183] /B8A/B8A (16-bit unsigned integer)|[366x366] /labels/labels (32-bit unsigned integer)|[366x366] /parcels/parcels (32-bit unsigned integer)|
    624 [27x61x61] /B01/B01 (16-bit unsigned integer)|[27x366x366] /B02/B02 (16-bit unsigned integer)|[27x366x366] /B03/B03 (16-bit unsigned integer)|[27x366x366] /B04/B04 (16-bit unsigned integer)|[27x183x183] /B05/B05 (16-bit unsigned integer)|[27x183x183] /B06/B06 (16-bit unsigned integer)|[27x183x183] /B07/B07 (16-bit unsigned integer)|[27x366x366] /B08/B08 (16-bit unsigned integer)|[27x61x61] /B09/B09 (16-bit unsigned integer)|[27x61x61] /B10/B10 (16-bit unsigned integer)|[27x183x183] /B11/B11 (16-bit unsigned integer)|[27x183x183] /B12/B12 (16-bit unsigned integer)|[27x183x183] /B8A/B8A (16-bit unsigned integer)|[366x366] /labels/labels (32-bit unsigned integer)|[366x366] /parcels/parcels (32-bit unsigned integer)|
    544 [15x61x61] /B01/B01 (16-bit unsigned integer)|[15x366x366] /B02/B02 (16-bit unsigned integer)|[15x366x366] /B03/B03 (16-bit unsigned integer)|[15x366x366] /B04/B04 (16-bit unsigned integer)|[15x183x183] /B05/B05 (16-bit unsigned integer)|[15x183x183] /B06/B06 (16-bit unsigned integer)|[15x183x183] /B07/B07 (16-bit unsigned integer)|[15x366x366] /B08/B08 (16-bit unsigned integer)|[15x61x61] /B09/B09 (16-bit unsigned integer)|[15x61x61] /B10/B10 (16-bit unsigned integer)|[15x183x183] /B11/B11 (16-bit unsigned integer)|[15x183x183] /B12/B12 (16-bit unsigned integer)|[15x183x183] /B8A/B8A (16-bit unsigned integer)|[366x366] /labels/labels (32-bit unsigned integer)|[366x366] /parcels/parcels (32-bit unsigned integer)|
    467 [48x61x61] /B01/B01 (16-bit unsigned integer)|[48x366x366] /B02/B02 (16-bit unsigned integer)|[48x366x366] /B03/B03 (16-bit unsigned integer)|[48x366x366] /B04/B04 (16-bit unsigned integer)|[48x183x183] /B05/B05 (16-bit unsigned integer)|[48x183x183] /B06/B06 (16-bit unsigned integer)|[48x183x183] /B07/B07 (16-bit unsigned integer)|[48x366x366] /B08/B08 (16-bit unsigned integer)|[48x61x61] /B09/B09 (16-bit unsigned integer)|[48x61x61] /B10/B10 (16-bit unsigned integer)|[48x183x183] /B11/B11 (16-bit unsigned integer)|[48x183x183] /B12/B12 (16-bit unsigned integer)|[48x183x183] /B8A/B8A (16-bit unsigned integer)|[366x366] /labels/labels (32-bit unsigned integer)|[366x366] /parcels/parcels (32-bit unsigned integer)|
[2026-05-17 10:13:28] Proceso 100% finalizado. Podés ir en paz.
